
> mad-developers@0.1.0 build
> next build

  ▲ Next.js 14.2.35

   Creating an optimized production build ...
 ✓ Compiled successfully
   Linting and checking validity of types ...
   Collecting page data ...
   Generating static pages (0/4) ...
   Generating static pages (1/4) 
   Generating static pages (2/4) 
   Generating static pages (3/4) 
 ✓ Generating static pages (4/4)
   Finalizing page optimization ...
   Collecting build traces ...

Route (app)                              Size     First Load JS
┌ ○ /                                    92.4 kB         180 kB
└ ○ /_not-found                          873 B          88.3 kB
+ First Load JS shared by all            87.4 kB
  ├ chunks/117-b6dfe3162c13ec37.js       31.7 kB
  ├ chunks/fd9d1056-8ef33f5ef9456d1f.js  53.6 kB
  └ other shared chunks (total)          2.05 kB


○  (Static)  prerendered as static content

